// Jest Snapshot v1, https://goo.gl/fbAQLP

exports[`<AttentionCard /> to match snapshot 1`] = `
<View
  style={
    Object {
      "borderRadius": 5,
      "borderWidth": 1,
      "height": 100,
      "margin": 8,
      "width": 734,
    }
  }
>
  <View
    style={
      Object {
        "alignItems": "center",
        "flexDirection": "row",
        "justifyContent": "space-between",
      }
    }
  >
    <Text
      style={
        Object {
          "fontSize": 16,
          "fontWeight": "500",
        }
      }
    >
      Pay Attention
    </Text>
    <Text />
  </View>
  <ViewManagerAdapter_ExpoLinearGradient
    proxiedProperties={
      Object {
        "colors": Array [
          4292100856,
          4290135541,
          4288364792,
        ],
        "endPoint": Array [
          0.9,
          0.9,
        ],
        "locations": undefined,
        "startPoint": Array [
          0.45,
          0.45,
        ],
      }
    }
    style={
      Object {
        "alignItems": "center",
        "borderRadius": 25,
        "height": 52,
        "justifyContent": "center",
        "width": 52,
      }
    }
  >
    <Text />
  </ViewManagerAdapter_ExpoLinearGradient>
</View>
`;
