// Jest Snapshot v1, https://goo.gl/fbAQLP

exports[`<TabHeader /> to match snapshot 1`] = `
<View
  style={
    Object {
      "alignItems": "center",
      "flexDirection": "row",
    }
  }
>
  <Text
    style={
      Object {
        "color": "#fff",
        "fontSize": 16,
        "fontWeight": "600",
        "letterSpacing": 1.1,
        "overflow": "visible",
        "paddingRight": 6,
      }
    }
  />
  <Text />
</View>
`;
